2026-06-21 21:51:31 | x=370.1507 y=1.9599 z=0.8192 | qx=0.000000 qy=-0.000000 qz=-1.000000 qw=0.000003
2026-06-21 21:51:31 | x=370.1507 y=1.9599 z=0.8192 | qx=0.000000 qy=-0.000000 qz=-1.000000 qw=0.000003
2026-06-21 21:51:31 | x=370.1507 y=1.9599 z=0.8192 | qx=0.000000 qy=-0.000000 qz=-1.000000 qw=0.000003
2026-06-21 21:51:31 | x=370.1507 y=1.9599 z=0.8192 | qx=0.000000 qy=-0.000000 qz=-1.000000 qw=0.000003
2026-06-21 21:51:31 | x=370.1507 y=1.9599 z=0.8192 | qx=0.000000 qy=-0.000000 qz=-1.000000 qw=0.000003
2026-06-21 21:51:31 | x=370.1507 y=1.9599 z=0.8192 | qx=0.000000 qy=-0.000000 qz=-1.000000 qw=0.000003
2026-06-21 21:51:31 | x=370.1507 y=1.9599 z=0.8192 | qx=0.000000 qy=-0.000000 qz=-1.000000 qw=0.000003
2026-06-21 21:51:31 | x=370.1507 y=1.9599 z=0.8192 | qx=0.000000 qy=-0.000000 qz=-1.000000 qw=0.000003
2026-06-21 21:51:31 | x=370.1507 y=1.9599 z=0.8192 | qx=0.000000 qy=-0.000000 qz=-1.000000 qw=0.000003
2026-06-21 21:51:37 | x=370.1507 y=1.9599 z=0.8192 | qx=0.000000 qy=-0.000000 qz=-1.000000 qw=0.000003
2026-06-21 21:51:43 | x=370.1507 y=1.9599 z=0.8192 | qx=0.000000 qy=-0.000000 qz=-1.000000 qw=0.000003
2026-06-21 21:51:48 | x=370.1507 y=1.9599 z=0.8192 | qx=0.000000 qy=-0.000000 qz=-1.000000 qw=0.000003
2026-06-21 21:51:54 | x=370.1507 y=1.9599 z=0.8192 | qx=0.000000 qy=-0.000000 qz=-1.000000 qw=0.000003
2026-06-21 21:52:00 | x=368.7204 y=1.9685 z=0.8193 | qx=0.001284 qy=-0.000038 qz=0.999997 qw=0.001985
2026-06-21 21:52:06 | x=364.8575 y=1.9875 z=0.8195 | qx=-0.000117 qy=0.000000 qz=0.999998 qw=0.002202
2026-06-21 21:52:12 | x=364.8575 y=1.9875 z=0.8195 | qx=-0.000117 qy=0.000000 qz=0.999998 qw=0.002202
2026-06-21 21:52:18 | x=364.8575 y=1.9875 z=0.8195 | qx=-0.000117 qy=0.000000 qz=0.999998 qw=0.002202
2026-06-21 21:52:23 | x=364.8575 y=1.9875 z=0.8195 | qx=-0.000117 qy=0.000000 qz=0.999998 qw=0.002202
2026-06-21 21:52:29 | x=364.8575 y=1.9875 z=0.8195 | qx=-0.000117 qy=0.000000 qz=0.999998 qw=0.002202
2026-06-21 21:52:35 | x=364.8575 y=1.9875 z=0.8195 | qx=-0.000117 qy=0.000000 qz=0.999998 qw=0.002202
2026-06-21 21:52:41 | x=364.8575 y=1.9875 z=0.8195 | qx=-0.000117 qy=0.000000 qz=0.999998 qw=0.002202
2026-06-21 21:52:47 | x=360.5562 y=1.9949 z=0.8195 | qx=-0.000201 qy=0.000005 qz=1.000000 qw=0.000592
2026-06-21 21:52:53 | x=353.6148 y=1.9967 z=0.8195 | qx=0.000001 qy=-0.000001 qz=1.000000 qw=0.000127
2026-06-21 21:52:58 | x=346.2548 y=1.9920 z=0.8195 | qx=-0.000001 qy=-0.000066 qz=-0.999998 qw=0.001971
2026-06-21 21:53:04 | x=339.5730 y=0.4353 z=0.8195 | qx=0.000298 qy=-0.001250 qz=-0.980011 qw=0.198938
2026-06-21 21:53:10 | x=335.5317 y=-4.1731 z=0.8195 | qx=0.000729 qy=-0.001158 qz=-0.867622 qw=0.497223
2026-06-21 21:53:17 | x=334.7150 y=-10.4593 z=0.8195 | qx=0.000219 qy=-0.000216 qz=-0.716143 qw=0.697954
2026-06-21 21:53:23 | x=334.8806 y=-17.5395 z=0.8195 | qx=-0.000038 qy=0.000036 qz=-0.701836 qw=0.712339
2026-06-21 21:53:29 | x=334.8898 y=-24.3451 z=0.8195 | qx=-0.000003 qy=0.000001 qz=-0.707451 qw=0.706762
2026-06-21 21:53:34 | x=334.8804 y=-31.2897 z=0.8195 | qx=0.000002 qy=-0.000003 qz=-0.707421 qw=0.706793
2026-06-21 21:53:40 | x=334.8767 y=-38.5121 z=0.8195 | qx=-0.000001 qy=-0.000000 qz=-0.707337 qw=0.706877
2026-06-21 21:53:46 | x=334.8725 y=-45.4567 z=0.8195 | qx=-0.000001 qy=-0.000001 qz=-0.707336 qw=0.706877
2026-06-21 21:53:52 | x=333.7982 y=-52.0896 z=0.8195 | qx=-0.000892 qy=0.001393 qz=-0.817172 qw=0.576391
2026-06-21 21:53:58 | x=329.0078 y=-55.5349 z=0.8195 | qx=-0.000205 qy=0.001545 qz=-0.982384 qw=0.186869
2026-06-21 21:54:04 | x=322.9173 y=-55.6347 z=0.8195 | qx=0.000003 qy=0.000049 qz=0.999871 qw=0.016071
2026-06-21 21:54:10 | x=316.5316 y=-55.4682 z=0.8195 | qx=0.000001 qy=0.000060 qz=0.999978 qw=0.006559
2026-06-21 21:54:16 | x=309.8660 y=-55.4690 z=0.8195 | qx=-0.000001 qy=0.000003 qz=-1.000000 qw=0.000707
2026-06-21 21:54:22 | x=303.3392 y=-55.4743 z=0.8195 | qx=-0.000001 qy=0.000002 qz=-1.000000 qw=0.000233
2026-06-21 21:54:25 | x=299.8675 y=-55.4747 z=0.8195 | qx=-0.000001 qy=-0.000000 qz=-1.000000 qw=0.000029
2026-06-21 21:54:31 | x=293.4796 y=-55.4753 z=0.8195 | qx=-0.000001 qy=-0.000000 qz=-1.000000 qw=0.000019
2026-06-21 21:54:37 | x=286.9529 y=-55.4761 z=0.8195 | qx=-0.000001 qy=0.000000 qz=-1.000000 qw=0.000074
2026-06-21 21:54:43 | x=280.0095 y=-55.4770 z=0.8195 | qx=-0.000001 qy=0.000000 qz=-1.000000 qw=0.000074
2026-06-21 21:54:49 | x=273.3439 y=-55.4778 z=0.8195 | qx=-0.000001 qy=0.000000 qz=-1.000000 qw=0.000074
2026-06-21 21:54:55 | x=266.4005 y=-55.4786 z=0.8195 | qx=-0.000001 qy=0.000000 qz=-1.000000 qw=0.000074
2026-06-21 21:55:01 | x=259.3183 y=-55.4795 z=0.8195 | qx=-0.000001 qy=-0.000000 qz=-1.000000 qw=0.000018
2026-06-21 21:55:07 | x=252.0972 y=-55.4804 z=0.8195 | qx=-0.000001 qy=-0.000000 qz=-1.000000 qw=0.000019
2026-06-21 21:55:13 | x=244.7373 y=-55.4813 z=0.8195 | qx=-0.000001 qy=0.000000 qz=-1.000000 qw=0.000074
2026-06-21 21:55:19 | x=237.9328 y=-55.4821 z=0.8195 | qx=-0.000001 qy=-0.000000 qz=-1.000000 qw=0.000019
2026-06-21 21:55:25 | x=230.7117 y=-55.4830 z=0.8195 | qx=-0.000001 qy=-0.000000 qz=-1.000000 qw=0.000018
2026-06-21 21:55:31 | x=223.4906 y=-55.4839 z=0.8195 | qx=-0.000001 qy=-0.000000 qz=-1.000000 qw=0.000018
2026-06-21 21:55:37 | x=216.1306 y=-55.4847 z=0.8195 | qx=-0.000001 qy=0.000000 qz=-1.000000 qw=0.000074
2026-06-21 21:55:43 | x=209.0484 y=-55.4856 z=0.8195 | qx=-0.000001 qy=-0.000000 qz=-1.000000 qw=0.000018
2026-06-21 21:55:50 | x=201.6884 y=-55.4865 z=0.8195 | qx=-0.000001 qy=0.000000 qz=-1.000000 qw=0.000074
2026-06-21 21:55:56 | x=193.9119 y=-55.4875 z=0.8195 | qx=-0.000001 qy=0.000000 qz=-1.000000 qw=0.000074
2026-06-21 21:56:02 | x=186.4130 y=-55.4884 z=0.8195 | qx=-0.000001 qy=0.000000 qz=-1.000000 qw=0.000074
2026-06-21 21:56:08 | x=184.7583 y=-55.4881 z=0.8195 | qx=0.000058 qy=-0.000000 qz=-1.000000 qw=0.000920
2026-06-21 21:56:14 | x=184.7583 y=-55.4881 z=0.8195 | qx=0.000058 qy=-0.000000 qz=-1.000000 qw=0.000920
2026-06-21 21:56:20 | x=184.7583 y=-55.4881 z=0.8195 | qx=0.000058 qy=-0.000000 qz=-1.000000 qw=0.000920
2026-06-21 21:56:27 | x=184.7583 y=-55.4881 z=0.8195 | qx=0.000058 qy=-0.000000 qz=-1.000000 qw=0.000920
2026-06-21 21:56:37 | x=184.7583 y=-55.4881 z=0.8195 | qx=0.000058 qy=-0.000000 qz=-1.000000 qw=0.000920
2026-06-21 21:56:46 | x=184.7583 y=-55.4881 z=0.8195 | qx=0.000058 qy=-0.000000 qz=-1.000000 qw=0.000920
2026-06-21 21:56:59 | x=184.7583 y=-55.4881 z=0.8195 | qx=0.000058 qy=-0.000000 qz=-1.000000 qw=0.000920
2026-06-21 21:57:10 | x=184.7583 y=-55.4881 z=0.8195 | qx=0.000058 qy=-0.000000 qz=-1.000000 qw=0.000920
2026-06-21 21:57:19 | x=183.9926 y=-55.4889 z=0.8190 | qx=-0.002702 qy=0.000008 qz=-0.999996 qw=0.000915
2026-06-21 21:57:26 | x=176.4351 y=-55.4900 z=0.8195 | qx=-0.000005 qy=-0.000000 qz=-1.000000 qw=0.000004
2026-06-21 21:57:34 | x=168.7974 y=-55.4905 z=0.8195 | qx=-0.000001 qy=-0.000000 qz=-1.000000 qw=0.000021
2026-06-21 21:57:41 | x=161.5596 y=-54.6104 z=0.8195 | qx=-0.000306 qy=-0.001639 qz=0.989515 qw=0.144422
2026-06-21 21:57:47 | x=157.7156 y=-48.2201 z=0.8195 | qx=-0.000678 qy=-0.000730 qz=0.766738 qw=0.641960
2026-06-21 21:57:54 | x=158.0230 y=-39.0649 z=0.8195 | qx=0.000072 qy=0.000070 qz=0.698005 qw=0.716093
2026-06-21 21:58:00 | x=158.0466 y=-29.7594 z=0.8195 | qx=-0.000003 qy=-0.000004 qz=0.707220 qw=0.706994
2026-06-21 21:58:03 | x=158.0495 y=-24.8982 z=0.8195 | qx=-0.000001 qy=-0.000002 qz=0.706798 qw=0.707416
2026-06-21 21:58:09 | x=158.0608 y=-15.7313 z=0.8195 | qx=0.000001 qy=-0.000000 qz=0.706653 qw=0.707561
2026-06-21 21:58:13 | x=158.0670 y=-10.5923 z=0.8195 | qx=0.000000 qy=-0.000001 qz=0.706692 qw=0.707522
2026-06-21 21:58:19 | x=161.8834 y=-2.0314 z=0.8195 | qx=-0.002137 qy=-0.000494 qz=0.289108 qw=0.957294
2026-06-21 21:58:26 | x=170.4340 y=-1.8479 z=0.8195 | qx=0.000149 qy=-0.000005 qz=-0.025945 qw=0.999663
2026-06-21 21:58:32 | x=179.0426 y=-1.9693 z=0.8195 | qx=0.000010 qy=-0.000001 qz=-0.000178 qw=1.000000
2026-06-21 21:58:38 | x=187.5135 y=-1.9587 z=0.8195 | qx=-0.000003 qy=-0.000001 qz=0.000226 qw=1.000000
2026-06-21 21:58:45 | x=196.5399 y=-1.9599 z=0.8195 | qx=0.000000 qy=-0.000001 qz=-0.000105 qw=1.000000
2026-06-21 21:58:51 | x=205.2885 y=-1.9609 z=0.8195 | qx=-0.000000 qy=-0.000001 qz=-0.000025 qw=1.000000
2026-06-21 21:58:58 | x=214.3149 y=-1.9619 z=0.8195 | qx=0.000000 qy=-0.000001 qz=-0.000081 qw=1.000000
2026-06-21 21:59:04 | x=223.4801 y=-1.9628 z=0.8195 | qx=0.000000 qy=-0.000001 qz=-0.000081 qw=1.000000
2026-06-21 21:59:10 | x=232.9231 y=-1.9639 z=0.8195 | qx=0.000000 qy=-0.000001 qz=-0.000081 qw=1.000000
2026-06-21 21:59:17 | x=240.4103 y=-1.9642 z=0.8195 | qx=-0.000001 qy=0.000214 qz=-0.000922 qw=1.000000
2026-06-21 21:59:23 | x=240.4103 y=-1.9642 z=0.8195 | qx=-0.000000 qy=0.000058 qz=-0.000923 qw=1.000000
2026-06-21 21:59:29 | x=240.4103 y=-1.9642 z=0.8195 | qx=-0.000000 qy=0.000058 qz=-0.000923 qw=1.000000
2026-06-21 22:11:54 | x=88.6200 y=-263.1474 z=0.8194 | qx=0.000000 qy=-0.000000 qz=-0.707107 qw=0.707106
2026-06-21 22:11:59 | x=88.6200 y=-263.1474 z=0.8194 | qx=0.000000 qy=-0.000000 qz=-0.707107 qw=0.707106
2026-06-21 22:12:04 | x=88.6200 y=-263.1474 z=0.8194 | qx=0.000000 qy=-0.000000 qz=-0.707107 qw=0.707106
2026-06-21 22:12:06 | x=88.6200 y=-263.1474 z=0.8194 | qx=0.000000 qy=-0.000000 qz=-0.707107 qw=0.707106
2026-06-21 22:12:11 | x=88.6200 y=-263.1474 z=0.8194 | qx=0.000000 qy=-0.000000 qz=-0.707107 qw=0.707106
2026-06-21 22:12:16 | x=88.6200 y=-263.1474 z=0.8194 | qx=0.000000 qy=-0.000000 qz=-0.707107 qw=0.707106
2026-06-21 22:12:21 | x=88.6200 y=-263.1474 z=0.8194 | qx=0.000000 qy=-0.000000 qz=-0.707107 qw=0.707106
2026-06-21 22:12:26 | x=88.6200 y=-263.1474 z=0.8194 | qx=0.000000 qy=-0.000000 qz=-0.707107 qw=0.707106
2026-06-21 22:12:26 | x=88.6200 y=-263.1474 z=0.8194 | qx=0.000000 qy=-0.000000 qz=-0.707107 qw=0.707106
2026-06-21 22:12:32 | x=88.6200 y=-263.1474 z=0.8194 | qx=0.000000 qy=-0.000000 qz=-0.707107 qw=0.707106
2026-06-21 22:12:38 | x=88.6200 y=-263.1474 z=0.8194 | qx=0.000000 qy=-0.000000 qz=-0.707107 qw=0.707106
2026-06-21 22:12:44 | x=88.6200 y=-263.1474 z=0.8194 | qx=0.000000 qy=-0.000000 qz=-0.707107 qw=0.707106
2026-06-21 22:12:50 | x=88.5340 y=-265.2072 z=0.8194 | qx=-0.000309 qy=-0.000192 qz=-0.718777 qw=0.695241
2026-06-21 22:12:55 | x=88.4033 y=-274.3801 z=0.8195 | qx=0.000009 qy=-0.000010 qz=-0.707499 qw=0.706715
2026-06-21 22:13:01 | x=88.4176 y=-289.2705 z=0.8196 | qx=-0.000363 qy=-0.000366 qz=-0.707327 qw=0.706886
2026-06-21 22:13:06 | x=88.4169 y=-308.4113 z=0.8195 | qx=0.000150 qy=0.000150 qz=-0.707057 qw=0.707157
2026-06-21 22:13:11 | x=88.4169 y=-308.4113 z=0.8195 | qx=0.000150 qy=0.000150 qz=-0.707057 qw=0.707157
2026-06-21 22:13:18 | x=88.4169 y=-308.4113 z=0.8195 | qx=0.000150 qy=0.000150 qz=-0.707057 qw=0.707157
2026-06-21 22:13:25 | x=88.4169 y=-308.4113 z=0.8195 | qx=0.000150 qy=0.000150 qz=-0.707057 qw=0.707157
2026-06-21 22:13:32 | x=89.4927 y=-320.9106 z=0.8196 | qx=0.005308 qy=-0.003655 qz=-0.603472 qw=0.797358
2026-06-21 22:13:38 | x=109.2185 y=-330.5520 z=0.8197 | qx=0.000987 qy=-0.000010 qz=-0.009366 qw=0.999956
2026-06-21 22:13:45 | x=132.1346 y=-330.5920 z=0.8197 | qx=-0.000002 qy=-0.000007 qz=-0.000100 qw=1.000000
2026-06-21 22:13:51 | x=156.3009 y=-330.5948 z=0.8197 | qx=0.000001 qy=-0.000007 qz=-0.000103 qw=1.000000
2026-06-21 22:13:58 | x=180.8855 y=-330.5976 z=0.8197 | qx=0.000001 qy=-0.000009 qz=-0.000111 qw=1.000000
2026-06-21 22:14:05 | x=205.0541 y=-330.6001 z=0.8197 | qx=-0.000001 qy=-0.000009 qz=-0.000120 qw=1.000000
2026-06-21 22:14:12 | x=229.6393 y=-330.6024 z=0.8197 | qx=-0.000001 qy=-0.000007 qz=-0.000104 qw=1.000000
2026-06-21 22:14:19 | x=254.2245 y=-330.6053 z=0.8197 | qx=0.000001 qy=-0.000009 qz=-0.000100 qw=1.000000
2026-06-21 22:14:22 | x=267.9756 y=-330.6065 z=0.8197 | qx=-0.000001 qy=-0.000007 qz=-0.000115 qw=1.000000
2026-06-21 22:14:28 | x=294.6443 y=-330.6087 z=0.8197 | qx=0.000000 qy=-0.000007 qz=-0.000085 qw=1.000000
2026-06-21 22:14:35 | x=315.6994 y=-330.6087 z=0.8195 | qx=0.000000 qy=0.000203 qz=-0.000079 qw=1.000000
2026-06-21 22:14:42 | x=315.6994 y=-330.6087 z=0.8195 | qx=0.000000 qy=0.000203 qz=-0.000079 qw=1.000000
2026-06-21 22:14:48 | x=315.6994 y=-330.6087 z=0.8195 | qx=0.000000 qy=0.000203 qz=-0.000079 qw=1.000000
2026-06-21 22:14:55 | x=315.6994 y=-330.6087 z=0.8195 | qx=0.000000 qy=0.000203 qz=-0.000079 qw=1.000000
